// Jest Snapshot v1, https://goo.gl/fbAQLP

exports[`<Missing /> renders correctly 1`] = `
<Status
  code={404}
>
  <div>
    <HelmetWrapper
      encodeSpecialCharacters={true}
    >
      <title>
        Page not found
      </title>
    </HelmetWrapper>
    <MissingPageError />
  </div>
</Status>
`;
