// Jest Snapshot v1, https://goo.gl/fbAQLP

exports[`<HeaderContainer /> renders correctly 1`] = `
.dwxgLA {
  -webkit-align-items: baseline;
  -webkit-box-align: baseline;
  -ms-flex-align: baseline;
  align-items: baseline;
  display: -webkit-box;
  display: -webkit-flex;
  display: -ms-flexbox;
  display: flex;
  -webkit-flex-wrap: wrap;
  -ms-flex-wrap: wrap;
  flex-wrap: wrap;
  -webkit-box-pack: center;
  -webkit-justify-content: center;
  -ms-flex-pack: center;
  justify-content: center;
  padding-bottom: 1rem;
}

@media (min-width: 20em) {
  .dwxgLA {
    -webkit-flex-wrap: unset;
    -ms-flex-wrap: unset;
    flex-wrap: unset;
  }
}

<header
  className="sc-bdVaJa dwxgLA"
/>
`;
