// Jest Snapshot v1, https://goo.gl/fbAQLP

exports[`<HeaderTitle /> renders correctly 1`] = `
.drbUwD {
  font-family: Bitter,
 serif;
  font-size: 1.5rem;
  margin-bottom: 0.5rem;
  margin-top: 0;
  -webkit-text-align: center;
  text-align: center;
  white-space: nowrap;
}

@media (min-width: 30em) {
  .drbUwD {
    margin-bottom: 0;
    -webkit-text-align: left;
    text-align: left;
  }
}

<h1
  className="sc-bdVaJa drbUwD"
/>
`;
