// Jest Snapshot v1, https://goo.gl/fbAQLP

exports[`<HeaderContainer /> renders correctly 1`] = `
.Hsidq {
  margin-bottom: 2rem;
}

@media (min-width: 30em) {
  .Hsidq {
    -webkit-align-items: center;
    -webkit-box-align: center;
    -ms-flex-align: center;
    align-items: center;
    display: -webkit-box;
    display: -webkit-flex;
    display: -ms-flexbox;
    display: flex;
    -webkit-box-pack: space-between;
    -webkit-justify-content: space-between;
    -ms-flex-pack: space-between;
    justify-content: space-between;
  }
}

<header
  className="sc-bdVaJa Hsidq"
/>
`;
