exports[`<WorkList /> renders correctly 1`] = `
<WorkList
  fetchWorks={[Function]}
  works={Object {}}>
  <div>
    <SideEffect(DocumentTitle)
      title="Ismay Wolff">
      <DocumentTitle
        title="Ismay Wolff" />
    </SideEffect(DocumentTitle)>
    <div>
      <pre>
        {}
      </pre>
    </div>
  </div>
</WorkList>
`;
