// Jest Snapshot v1, https://goo.gl/fbAQLP

exports[`<BootError /> renders correctly 1`] = `
<styled.div
  background="rgb(239,141,141)"
  color="rgb(195,35,35)"
>
  <styled.h2>
    Oops, something went wrong!
  </styled.h2>
  <p>
    This page uses modern javascript that your browser doesn't support and patching it has failed. Make sure that your browser extensions are not blocking the polyfill.io domain and refresh the page to retry or 
    <styled.a
      href="http://browsehappy.com"
    >
      update your browser
    </styled.a>
    .
  </p>
  <p>
    In most cases I'll be notified automatically that something went wrong and I'll make sure to fix it as soon as possible. If you want to report this error you can do so on the issues tab of my 
    <styled.a
      href="https://github.com/ismay/ismaywolff.nl"
    >
      github repo
    </styled.a>
    .
  </p>
  <p>
    The error was: "
    Error message.
    ".
  </p>
</styled.div>
`;
