// Jest Snapshot v1, https://goo.gl/fbAQLP

exports[`<AppError /> renders correctly 1`] = `
<AppError
  errorMessage="Error message."
>
  <styled.div
    background="rgb(239,141,141)"
    color="rgb(195,35,35)"
  >
    <div
      className="sc-htpNat dOCroC"
      color="rgb(195,35,35)"
    >
      <styled.h2>
        <h2
          className="sc-bxivhb jXeQqu"
        >
          Oops, something went wrong!
        </h2>
      </styled.h2>
      <p>
        Something went wrong while loading this page. Try refreshing the page and check if your browser extensions aren
        '
        t blocking anything critical.
      </p>
      <p>
        In most cases I
        '
        ll be notified automatically that something went wrong and I
        '
        ll make sure to fix it as soon as possible. If you want to report this error you can do so on the issues tab of my
         
        <styled.a
          href="https://github.com/ismay/ismaywolff.nl"
        >
          <a
            className="sc-bdVaJa dTLtLZ"
            href="https://github.com/ismay/ismaywolff.nl"
          >
            github repo
          </a>
        </styled.a>
        .
      </p>
      <p>
        The error was: 
        "
        Error message.
        "
        .
      </p>
    </div>
  </styled.div>
</AppError>
`;
