// Jest Snapshot v1, https://goo.gl/fbAQLP

exports[`<About /> has server side data needs defined 1`] = `
Array [
  [Function],
]
`;

exports[`<About /> renders a loading state 1`] = `<styled.div />`;

exports[`<About /> renders a missing page error 1`] = `<MissingPageError />`;

exports[`<About /> renders correctly 1`] = `
<div>
  <HelmetWrapper
    encodeSpecialCharacters={true}
  >
    <title>
      Ismay Wolff
    </title>
    <meta
      content="About me"
      name="description"
    />
  </HelmetWrapper>
  <styled.div>
    <Loadable
      source="text"
    />
  </styled.div>
</div>
`;

exports[`<About /> renders errors 1`] = `
<AppError
  errorMessage="Something went wrong"
/>
`;
