// Jest Snapshot v1, https://goo.gl/fbAQLP

exports[`<Writing /> has server side data needs defined 1`] = `
Array [
  [Function],
]
`;

exports[`<Writing /> renders correctly 1`] = `
<div>
  <HelmetWrapper
    encodeSpecialCharacters={true}
  >
    <title>
      Writing • Ismay Wolff
    </title>
    <meta
      content="An overview of my writing"
      name="description"
    />
  </HelmetWrapper>
  <Connect(DumbWritingBody) />
</div>
`;
