// Jest Snapshot v1, https://goo.gl/fbAQLP

exports[`<WritingBody /> renders a loading state 1`] = `<styled.div />`;

exports[`<WritingBody /> renders correctly 1`] = `
<styled.div
  gutter="0.5rem"
>
  <styled.div
    gutter="0.5rem"
    lgBreak="40em"
    lgSize="1"
    mdBreak="25em"
    mdSize="1"
    smSize="1"
  >
    <WritingItem
      article={
        Object {
          "published": "10-12-2000",
          "slug": "slug",
          "summary": "summary",
          "title": "title",
        }
      }
    />
  </styled.div>
</styled.div>
`;

exports[`<WritingBody /> renders errors 1`] = `
<AppError
  errorMessage="Something went wrong"
/>
`;
