// Jest Snapshot v1, https://goo.gl/fbAQLP

exports[`<WritingBody /> renders a loading state 1`] = `<styled.div />`;

exports[`<WritingBody /> renders correctly 1`] = `
<div>
  <styled.div
    bottom="2rem"
  >
    <WritingItem
      article={
        Object {
          "published": "10-12-2000",
          "slug": "slug",
          "summary": "summary",
          "title": "title",
        }
      }
    />
  </styled.div>
</div>
`;

exports[`<WritingBody /> renders errors 1`] = `
<AppError
  errorMessage="Something went wrong"
/>
`;
