exports[`<Navigation /> renders correctly 1`] = `
<nav>
  <Link
    activeClassName=""
    activeOnlyWhenExact={false}
    activeStyle={Object {}}
    className=""
    isActive={[Function]}
    replace={false}
    style={Object {}}
    to="/">
    Home
  </Link>
  <Link
    activeClassName=""
    activeOnlyWhenExact={false}
    activeStyle={Object {}}
    className=""
    isActive={[Function]}
    replace={false}
    style={Object {}}
    to="/about">
    About
  </Link>
</nav>
`;
