// Jest Snapshot v1, https://goo.gl/fbAQLP

exports[`<WorkItem /> renders correctly 1`] = `
<div>
  <Link
    to="/work/slug"
  >
    <Connect(Component)
      id="thumbnail"
    />
  </Link>
  <Link
    clean={true}
    to="/work/slug"
  >
    <styled.h2>
      <styled.div>
        title
      </styled.div>
    </styled.h2>
  </Link>
  <styled.p>
    summary
     …
  </styled.p>
</div>
`;
