// Jest Snapshot v1, https://goo.gl/fbAQLP

exports[`<WritingDetail /> has server side data needs defined 1`] = `
Array [
  [Function],
]
`;

exports[`<WritingDetail /> renders a loading state 1`] = `<styled.div />`;

exports[`<WritingDetail /> renders a missing page error 1`] = `<MissingPageError />`;

exports[`<WritingDetail /> renders api errors 1`] = `
<AppError
  errorMessage="Something went wrong"
/>
`;

exports[`<WritingDetail /> renders correctly 1`] = `
<div>
  <HelmetWrapper
    encodeSpecialCharacters={true}
  >
    <title>
      title • Ismay Wolff
    </title>
    <meta
      content="Detailed view of title"
      name="description"
    />
  </HelmetWrapper>
  <WritingDetailBody
    article={
      Object {
        "published": "01-01-2000",
        "slug": "slug",
        "text": "text",
        "title": "title",
      }
    }
  />
</div>
`;
