// Jest Snapshot v1, https://goo.gl/fbAQLP

exports[`<WorkBody /> renders a loading state 1`] = `<glamorous(div) />`;

exports[`<WorkBody /> renders correctly 1`] = `
<glamorous(div)
  gutter="0.5rem"
>
  <glamorous(div)
    gutter="0.5rem"
    lgBreak="40em"
    lgSize={0.3333333333333333}
    mdBreak="25em"
    mdSize={0.5}
    smSize={1}
  >
    <Link
      replace={false}
      to="/work/slug"
    >
      <SizeMe(ResponsiveThumbnail)
        id="thumbnail"
      />
    </Link>
  </glamorous(div)>
</glamorous(div)>
`;

exports[`<WorkBody /> renders errors 1`] = `
<AppError
  error="Something went wrong"
/>
`;
