// Jest Snapshot v1, https://goo.gl/fbAQLP

exports[`<WorkBody /> renders a loading state 1`] = `<styled.div />`;

exports[`<WorkBody /> renders correctly 1`] = `
<styled.div
  gutter=".5rem"
>
  <styled.div
    gutter=".5rem"
    width={0.3333333333333333}
  >
    <Styled(Link)
      to="/work/slug"
    >
      <Connect(Thumbnail)
        id="thumbnail"
        size={250}
      />
    </Styled(Link)>
  </styled.div>
</styled.div>
`;
