// Jest Snapshot v1, https://goo.gl/fbAQLP

exports[`<AsyncLoader /> does not render a spinner before the delay 1`] = `null`;

exports[`<AsyncLoader /> renders a spinner after the delay 1`] = `<styled.div />`;

exports[`<AsyncLoader /> renders correctly 1`] = `null`;

exports[`<AsyncLoader /> renders errors 1`] = `
<AppError
  error="error"
/>
`;
