// Jest Snapshot v1, https://goo.gl/fbAQLP

exports[`<WorkDetailBody /> renders correctly 1`] = `
<div>
  <glamorous(div)>
    <glamorous(h2)>
      title
    </glamorous(h2)>
    <glamorous(p)>
      type
       - 
      April 2011
    </glamorous(p)>
  </glamorous(div)>
  <p>
    description
  </p>
  <glamorous(div)
    gutter="0.5rem"
  >
    <glamorous(div)
      gutter="0.5rem"
      lgBreak="40em"
      lgSize={0.3333333333333333}
      mdBreak="25em"
      mdSize={0.5}
      smSize={1}
    >
      <ResponsiveZoomable
        id="one"
      />
    </glamorous(div)>
  </glamorous(div)>
</div>
`;
