// Jest Snapshot v1, https://goo.gl/fbAQLP

exports[`<WorkDetailBody /> renders correctly 1`] = `
<div>
  <styled.div>
    <styled.h2>
      title
    </styled.h2>
    <styled.p>
      type
       - 
      published
    </styled.p>
  </styled.div>
  <p>
    description
  </p>
  <styled.div
    gutter=".5rem"
  >
    <styled.div
      gutter=".5rem"
      width={0.3333333333333333}
    >
      <Connect(Image)
        height={200}
        id="one"
        width={200}
      />
    </styled.div>
  </styled.div>
</div>
`;
