exports[`<WorkListItem /> renders correctly 1`] = `
<div>
  <h1>
    <Link
      activeClassName=""
      activeOnlyWhenExact={false}
      activeStyle={Object {}}
      className=""
      isActive={[Function]}
      replace={false}
      style={Object {}}
      to="/work/title">
      title
    </Link>
  </h1>
  <p>
    type
     - 
    published
  </p>
  <p>
    description
  </p>
</div>
`;
