// Jest Snapshot v1, https://goo.gl/fbAQLP

exports[`<WritingDetail /> renders a loading state 1`] = `<styled.div />`;

exports[`<WritingDetail /> renders a missing page error 1`] = `<MissingPageError />`;

exports[`<WritingDetail /> renders api errors 1`] = `
<AppError
  error="Something went wrong"
/>
`;

exports[`<WritingDetail /> renders correctly 1`] = `
<div>
  <div>
    <HelmetWrapper
      encodeSpecialCharacters={true}
    >
      <title>
        title • Ismay Wolff
      </title>
      <meta
        content="Detailed view of title"
        name="description"
      />
    </HelmetWrapper>
    <WritingDetailBody
      article={
        Object {
          "published": "01-01-2000",
          "text": "text",
          "title": "title",
        }
      }
    />
  </div>
</div>
`;
