exports[`<Routes /> renders correctly 1`] = `
<SideEffect(DocumentTitle)
  title="Ismay Wolff">
  <styled.div>
    <Header />
    <Switch>
      <Route
        component={[Function]}
        exact={true}
        path="/" />
      <Route
        component={[Function]}
        path="/work/:id" />
      <Route
        component={[Function]}
        path="/about" />
      <Route
        component={[Function]} />
    </Switch>
  </styled.div>
</SideEffect(DocumentTitle)>
`;
