exports[`<Routes /> renders correctly 1`] = `
<SideEffect(DocumentTitle)
  title="Ismay Wolff">
  <styled.div>
    <Header />
    <Match
      component={[Function]}
      exactly={true}
      pattern="/" />
    <Match
      component={[Function]}
      exactly={false}
      pattern="/work/:id" />
    <Match
      component={[Function]}
      exactly={false}
      pattern="/about" />
    <Miss
      component={[Function]} />
  </styled.div>
</SideEffect(DocumentTitle)>
`;
