// Jest Snapshot v1, https://goo.gl/fbAQLP

exports[`<Routes /> renders correctly 1`] = `
<styled.div>
  <Header />
  <Switch>
    <Route
      component={[Function]}
      exact={true}
      path="/"
    />
    <Route
      component={[Function]}
      exact={true}
      path="/work"
    />
    <Route
      component={[Function]}
      path="/work/:id"
    />
    <Route
      component={[Function]}
    />
  </Switch>
</styled.div>
`;
