// Jest Snapshot v1, https://goo.gl/fbAQLP

exports[`<TextLineFill /> renders correctly for direction left 1`] = `
<span
  className="sc-bdVaJa bJELEO"
  direction="left"
/>
`;

exports[`<TextLineFill /> renders correctly for direction right 1`] = `
<span
  className="sc-bdVaJa gGzGJw"
  direction="right"
/>
`;
