// Jest Snapshot v1, https://goo.gl/fbAQLP

exports[`<TextLineFill /> renders correctly for direction left 1`] = `
.bJELEO {
  margin-left: auto;
  margin-right: 0;
  overflow: hidden;
  padding-left: 1rem;
  padding-right: 0;
  -webkit-text-overflow: ellipsis;
  text-overflow: ellipsis;
  white-space: nowrap;
}

<span
  className="sc-bdVaJa bJELEO"
  direction="left"
/>
`;

exports[`<TextLineFill /> renders correctly for direction right 1`] = `
.gGzGJw {
  margin-left: 0;
  margin-right: auto;
  overflow: hidden;
  padding-left: 0;
  padding-right: 1rem;
  -webkit-text-overflow: ellipsis;
  text-overflow: ellipsis;
  white-space: nowrap;
}

<span
  className="sc-bdVaJa gGzGJw"
  direction="right"
/>
`;
