// Jest Snapshot v1, https://goo.gl/fbAQLP

exports[`<WritingDetailBody /> renders correctly 1`] = `
<div>
  <glamorous(div)>
    <glamorous(h2)>
      title
    </glamorous(h2)>
    <glamorous(p)>
      April 2011
    </glamorous(p)>
  </glamorous(div)>
  <Loadable
    source="text"
  />
</div>
`;
