// Jest Snapshot v1, https://goo.gl/fbAQLP

exports[`<Placeholder /> renders correctly 1`] = `
.cwFXEC {
  background: rgb(200,200,200);
  display: block;
  height: 0;
  padding-top: calc(2 * 100%);
  position: relative;
  width: 100%;
}

.cwFXEC img {
  height: 100%;
  left: 0;
  position: absolute;
  top: 0;
  width: 100%;
}

<picture
  className="sc-bdVaJa cwFXEC"
  height={2}
  width={1}
/>
`;
