// Jest Snapshot v1, https://goo.gl/fbAQLP

exports[`<ResponsiveZoomable /> renders correctly 1`] = `
<ResponsiveZoomable
  id="one"
  size={
    Object {
      "width": 50,
    }
  }
>
  <Loadable
    includeMargin={false}
    whitelist={
      Array [
        "width",
      ]
    }
  >
    <Measure
      blacklist={Array []}
      cloneOptions={Object {}}
      includeMargin={false}
      onMeasure={[Function]}
      shouldMeasure={true}
      useClone={false}
      whitelist={
        Array [
          "width",
        ]
      }
    >
      <Component
        id="one"
        width={50}
      >
        <div />
      </Component>
    </Measure>
  </Loadable>
</ResponsiveZoomable>
`;
