// Jest Snapshot v1, https://goo.gl/fbAQLP

exports[`<ResponsiveZoomable /> renders correctly 1`] = `
<ResponsiveZoomable
  id="one"
  size={
    Object {
      "width": 50,
    }
  }
>
  <Loadable
    includeMargin={false}
    whitelist={
      Array [
        "width",
      ]
    }
  >
    <AsyncLoader
      error={null}
      isLoading={true}
      pastDelay={false}
    />
  </Loadable>
</ResponsiveZoomable>
`;
