// Jest Snapshot v1, https://goo.gl/fbAQLP

exports[`<Zoomable /> renders a loading state 1`] = `
<styled.picture
  height={1}
  width={1}
/>
`;

exports[`<Zoomable /> renders correctly 1`] = `
<styled.picture
  height={1}
  width={NaN}
>
  <ImageZoom
    defaultStyles={
      Object {
        "image": Object {},
        "overlay": Object {},
        "zoomContainer": Object {},
        "zoomImage": Object {},
      }
    }
    image={
      Object {
        "alt": "title",
        "sizes": "
          (min-width: 40em) 10rem,
          (min-width: 30em) 15rem,
          (min-width: 25em) 50vw,
          100vw
        ",
        "src": "url?w=250&fl=progressive",
        "srcSet": "
          url?w=1500&fl=progressive 1500w,
          url?w=1250&fl=progressive 1250w,
          url?w=1000&fl=progressive 1000w,
          url?w=750&fl=progressive 750w,
          url?w=500&fl=progressive 500w,
          url?w=250&fl=progressive 250w
        ",
      }
    }
    isZoomed={false}
    onUnzoom={[Function]}
    onZoom={[Function]}
    shouldHandleZoom={[Function]}
    shouldReplaceImage={true}
    shouldRespectMaxDimension={false}
    zoomImage={
      Object {
        "alt": "title",
        "sizes": "100vw",
        "src": "url?w=250&fl=progressive",
        "srcSet": "
          url?w=1500&fl=progressive 1500w,
          url?w=1250&fl=progressive 1250w,
          url?w=1000&fl=progressive 1000w,
          url?w=750&fl=progressive 750w,
          url?w=500&fl=progressive 500w,
          url?w=250&fl=progressive 250w
        ",
      }
    }
    zoomMargin={40}
  />
</styled.picture>
`;
