exports[`<AboutPage /> renders correctly 1`] = `
<div>
  <main>
    <h2>
      About
    </h2>
    <p>
      I\'m an artist, a social scientist and a programmer. My work is a combination of these fields and an exploration of the most inspiring parts of each discipline.
    </p>
    <p>
      <i>
        Born 1983 in Heerde, lives and works in Groningen (Netherlands).
      </i>
    </p>
    <h3>
      Education
    </h3>
    <ul>
      <li>
        Academie Minerva, Groningen (2007 - 2012)
        <br />
        <i>
          fine art, bachelor\'s degree
        </i>
      </li>
      <li>
        European Exchange Academy, Beelitz DE (2011)
      </li>
      <li>
        University of Groningen, Groningen (2001 - 2007)
        <br />
        <i>
          social psychology, master\'s degree
        </i>
      </li>
    </ul>
    <h3>
      Contact
    </h3>
    <ul>
      <li>
        <a
          href="tel:+316-46226207">
          +316 - 462 26 207
        </a>
      </li>
      <li>
        <a
          href="mailto:ismay@ismaywolff.nl">
          ismay@ismaywolff.nl
        </a>
      </li>
      <li>
        <a
          href="https://gitlab.com/ismay">
          gitlab.com/ismay
        </a>
      </li>
      <li>
        <a
          href="https://github.com/ismay">
          github.com/ismay
        </a>
      </li>
      <li>
        <a
          href="https://keybase.io/ismay">
          keybase.io/ismay
        </a>
      </li>
    </ul>
  </main>
</div>
`;
