// Jest Snapshot v1, https://goo.gl/fbAQLP

exports[`<WorkDetail /> renders a loading state 1`] = `<styled.div />`;

exports[`<WorkDetail /> renders a missing page error 1`] = `<MissingPageError />`;

exports[`<WorkDetail /> renders api errors 1`] = `
<ApiError
  error="Something went wrong"
/>
`;

exports[`<WorkDetail /> renders correctly 1`] = `
<div>
  <div>
    <HelmetWrapper
      encodeSpecialCharacters={true}
    >
      <title>
        title • Ismay Wolff
      </title>
      <meta
        content="Detailed view of title"
        name="description"
      />
    </HelmetWrapper>
    <WorkDetailBody
      work={
        Object {
          "title": "title",
        }
      }
    />
  </div>
</div>
`;
