// Jest Snapshot v1, https://goo.gl/fbAQLP

exports[`<HeaderTitle /> renders correctly 1`] = `
.css-1d7040l,
[data-css-1d7040l] {
  -webkit-order: 1;
  -ms-flex-order: 1;
  white-space: nowrap;
  order: 1;
  width: 100%;
  text-align: center;
  margin-top: 0;
  margin-bottom: 0;
}

<h1
  className="css-1d7040l"
/>
`;
