// Jest Snapshot v1, https://goo.gl/fbAQLP

exports[`<Header /> renders correctly 1`] = `
<glamorous(header)>
  <glamorous(span)
    size="0.75rem"
  >
    <NavLink
      activeClassName="active"
      to="/work"
    >
      work
    </NavLink>
  </glamorous(span)>
  <glamorous(h1)>
    <glamorous(span)
      size="1.5rem"
    >
      <NavLink
        activeClassName="active"
        exact={true}
        to="/"
      >
        Ismay Wolff
      </NavLink>
    </glamorous(span)>
  </glamorous(h1)>
  <glamorous(span)
    size="0.75rem"
  >
    <NavLink
      activeClassName="active"
      to="/writing"
    >
      writing
    </NavLink>
  </glamorous(span)>
</glamorous(header)>
`;
